{
  "checkedAt": "2026-09-28T11:55:50.195Z",
  "sourceTemplate": "toktickit_lab3_test",
  "evidenceDatabase": "toktickit_lab4_evidence_1790596538935",
  "lab3Counts": {
    "RequesterUser": 26,
    "Ticket": 164,
    "Attachment": 38,
    "Category": 4,
    "RelatedSystem": 7,
    "TicketEntry": 48,
    "Session": 1
  },
  "lab3DigestBefore": "5edc5126cf0e51576114bbfb43bb2c7c6cf7f48a20070790de9efa692357b21f",
  "lab3DigestAfterMigration": "5edc5126cf0e51576114bbfb43bb2c7c6cf7f48a20070790de9efa692357b21f",
  "lab3RowsPreserved": true,
  "legacyActionsCreatedByMigration": 0,
  "afterSeedCounts": {
    "RequesterUser": 27,
    "Ticket": 164,
    "Attachment": 38,
    "Category": 4,
    "RelatedSystem": 7,
    "TicketEntry": 48,
    "ActionTaken": 24
  },
  "ticketsWithZeroOneManyActions": {
    "zero": 152,
    "one": 6,
    "many": 6
  },
  "firstSeedDigest": "02cccb362b9ae3052364b5936e2982116e9f37fe4c791f2ed220663e1951821a",
  "secondSeedDigest": "02cccb362b9ae3052364b5936e2982116e9f37fe4c791f2ed220663e1951821a",
  "repeatSeedUnchanged": true,
  "rollbackRestoredLab3": true,
  "rollbackDigest": "5edc5126cf0e51576114bbfb43bb2c7c6cf7f48a20070790de9efa692357b21f"
}
